FF FF FF FF FF FF 00 50 
56 C0 00 01 08 06 00 01 
08 00 06 04 00 01 00 50 
56 C0 00 01 C0 A8 11 01 
00 00 00 00 00 00 C0 A8 
11 66