Method 'SystemVoidCosmosSystemKernelStart'
Method 'SystemDoubleCosmosSystemPlugsSystemRandomImplGetUniform'
Method 'SystemVoidCosmosHALTextScreenSetColorsSystemConsoleColorSystemConsoleColor'
Method 'SystemVoidCosmosSystemPlugsSystemConsoleImplWriteLineSystemString'
Method 'CosmosSystemConsoleCosmosSystemPlugsSystemConsoleImplGetConsole'
Method 'SystemInt32CosmosSystemConsoleget_X'
Method 'SystemVoidCosmosSystemConsoleset_XSystemInt32'
Method 'SystemInt32CosmosSystemConsoleget_Y'
Method 'SystemVoidCosmosSystemConsoleset_YSystemInt32'
Method 'SystemInt32CosmosSystemConsoleget_Rows'
Method 'SystemInt32CosmosSystemConsoleget_Cols'
Method 'SystemVoidSystemArgumentOutOfRangeExceptionctorSystemString'
Method 'SystemVoidCosmosSystemConsoleClear'
Method 'SystemCharCosmosHALKeyboardReadChar'
Method 'CosmosHALKeyboardKeyMappingCosmosHALKeyboardReadMapping'
Method 'SystemBooleanCosmosHALKeyboardget_ShiftPressed'
Method 'SystemBooleanCosmosHALKeyboardget_AltPressed'
Method 'SystemBooleanCosmosHALKeyboardget_CtrlPressed'
Method 'SystemVoidSystemConsoleKeyInfoctorSystemCharSystemConsoleKeySystemBooleanSystemBooleanSystemBoolean'
Method 'SystemCharSystemConsoleKeyInfoget_KeyChar'
Method 'SystemVoidCosmosSystemPlugsSystemConsoleImplWriteSystemChar'
Method 'SystemVoidSystemCollectionsGenericList1SystemCharctorSystemInt32'
Method 'SystemVoidSystemCollectionsGenericList1SystemCharRemoveAtSystemInt32'
Method 'SystemCharSystemCollectionsGenericList1SystemCharget_ItemSystemInt32'
Method 'SystemInt32SystemCollectionsGenericList1SystemCharget_Count'
Method 'SystemVoidSystemCollectionsGenericList1SystemCharAddSystemChar'
Method 'SystemVoidSystemCollectionsGenericList1SystemCharctor'
Method 'SystemVoidCosmosSystemPlugsSystemConsoleImplWriteLine'
Method 'SystemChararraySystemCollectionsGenericList1SystemCharToArray'
Method 'SystemStringSystemBooleanToString'
Method 'SystemVoidCosmosSystemPlugsSystemConsoleImplWriteSystemString'
Method 'SystemVoidCosmosSystemConsoleWriteCharSystemChar'
Method 'SystemVoidCosmosSystemPlugsSystemConsoleImplWriteSystemChararraySystemInt32SystemInt32'
Method 'SystemVoidCosmosSystemConsoleWriteSystemString'
Method 'SystemVoidSystemArgumentNullExceptionctorSystemString'
Method 'SystemVoidSystemArgumentExceptionctor'
Method 'SystemVoidCosmosSystemConsoleNewLine'
Method 'SystemInt32SystemStringIndexOfSystemChar'
Method 'SystemVoidSystemFormatExceptionctor'
Method 'SystemStringCosmosIL2CPUILCustomImplementationsSystemInt32Impl2GetNumberStringSystemInt32'
Method 'SystemDoubleCosmosSystemPlugsSystemMathImplAsinSystemDouble'
Method 'SystemDoubleCosmosSystemPlugsSystemMathImplSqrtSystemDouble'
Method 'SystemDoubleCosmosSystemPlugsSystemMathImplAtanSystemDouble'
Method 'SystemDoubleCosmosSystemPlugsSystemMathImplatansSystemDouble'
Method 'SystemDoubleCosmosSystemPlugsSystemMathImplExpSystemDouble'
Method 'SystemDoubleCosmosSystemPlugsSystemMathImpl_powerSystemDoubleSystemInt32'
Method 'SystemDoubleCosmosSystemPlugsSystemMathImplLogSystemDoubleSystemDouble'
Method 'SystemDoubleCosmosSystemPlugsSystemMathImplFloorSystemDouble'
Method 'SystemDoubleCosmosSystemPlugsSystemMathImplLogSystemDouble'
Method 'SystemDoubleCosmosSystemPlugsSystemMathImplCosSystemDouble'
Method 'SystemDoubleCosmosSystemPlugsSystemMathImplTanhSystemDouble'
Method 'SystemDoubleCosmosSystemPlugsSystemMathImplexpm1SystemDouble'
Method 'SystemDoubleCosmosSystemPlugsSystemMathImplCeilingSystemDouble'
Method 'SystemUInt32CosmosCoreHeapMemAllocSystemUInt32'
Method 'SystemBooleanCosmosCorePlugsStringImplEndsWithSystemStringSystemStringComparison'
Method 'SystemBooleanSystemStringop_EqualitySystemStringSystemString'
Method 'SystemBooleanCosmosCorePlugsStringImplEqualsHelperSystemStringSystemString'
Method 'SystemInt32CosmosCorePlugsStringImplLastIndexOfAnySystemChararraySystemInt32SystemInt32'
Method 'SystemBooleanCosmosCorePlugsStringImplCharArrayContainsCharSystemChararraySystemChar'
Method 'SystemBooleanCosmosCorePlugsStringImplStartsWithSystemStringSystemBooleanSystemGlobalizationCultureInfo'
Method 'SystemStringCosmosCorePlugsStringImplChangeCasingSystemStringSystemInt32SystemInt32SystemInt32'
Method 'SystemVoidSystemNotImplementedExceptionctor'
Method 'SystemStringCosmosIL2CPUCustomImplementationSystemStringImplConcatArraySystemStringarraySystemInt32'
Method 'SystemStringCosmosIL2CPUCustomImplementationSystemStringImplConcatSystemStringSystemString'
Method 'SystemStringCosmosIL2CPUCustomImplementationSystemStringImplConcatSystemStringSystemStringSystemString'
Method 'SystemStringCosmosIL2CPUCustomImplementationSystemStringImplConcatSystemStringSystemStringSystemStringSystemString'
Method 'SystemStringCosmosIL2CPUCustomImplementationSystemStringImplConcatSystemStringarray'
Method 'SystemInt32CosmosIL2CPUCustomImplementationSystemStringImplboyerMooreHorsepoolSystemStringSystemString'
Method 'SystemInt32CosmosIL2CPUX86PlugsCustomImplementationsSystemArrayImplGetLengthSystemInt32'
Method 'SystemVoidSystemNotSupportedExceptionctorSystemString'
Method 'SystemBooleanCosmosIL2CPUX86PlugsCustomImplementationsSystemArrayImplTrySZIndexOfSystemUInt32SystemUInt32SystemUInt32SystemUInt32SystemUInt32'
Method 'SystemVoidSystemNotImplementedExceptionctorSystemString'
Method 'SystemStringCosmosIL2CPUILCustomImplementationsSystemUInt32Impl2GetNumberStringSystemUInt32SystemBoolean'
Method 'SystemBytearraySystemBitConverterGetBytesSystemDouble'
Method 'SystemInt64SystemBitConverterToInt64SystemBytearraySystemInt32'
Method 'SystemStringCosmosIL2CPUILCustomImplementationsSystemEnvironmentImplGetResourceFromDefaultSystemString'
Method 'SystemStringCosmosIL2CPUILCustomImplementationsSystemInt64Impl2GetNumberStringSystemInt64'
Method 'SystemBytearraySystemBitConverterGetBytesSystemSingle'
Method 'SystemInt32SystemBitConverterToInt32SystemBytearraySystemInt32'
Method 'SystemStringCosmosIL2CPUILCustomImplementationsSystemUInt64Impl2GetNumberStringSystemUInt64SystemBoolean'
Method 'SystemVoidCosmosIL2CPURuntimeEngineInitializeApplication'
Method 'SystemVoidCosmosIL2CPURuntimeEngineFinalizeApplicationSystemInt32'
Method 'SystemVoidCosmosIL2CPUVTablesImplLoadTypeTableSystemInt32'
Method 'SystemVoidCosmosIL2CPUVTablesImplSetMethodInfoSystemInt32SystemInt32SystemInt32SystemInt32SystemChararray'
Method 'SystemBooleanCosmosIL2CPUVTablesImplIsInstanceSystemInt32SystemInt32'
Method 'SystemVoidCosmosIL2CPUVTablesImplSetTypeInfoSystemInt32SystemInt32SystemInt32arraySystemInt32arraySystemInt32'
Method 'SystemInt32CosmosIL2CPUVTablesImplGetMethodAddressForTypeSystemInt32SystemInt32'
Method 'SystemVoidCosmosIL2CPUExceptionHelperThrowNotImplementedSystemString'
Method 'SystemVoidCosmosIL2CPUExceptionHelperThrowOverflow'
Method 'SystemVoidSystemArrayctor'
Method 'SystemVoidSystemThrowHelperThrowInvalidOperationExceptionSystemExceptionResource'
Method 'SystemDelegatearraySystemMulticastDelegateGetInvocationList'
Method 'SystemVoidCosmosCompilerTestsSimpleWriteLineKernelKernelctor'
Method 'SystemVoidCosmosDebugKernelDebuggerSendSystemString'
Method 'SystemVoidCosmosHALBootstrapInit'
Method 'SystemVoidCosmosSystemGlobalInit'
Method 'SystemVoidCosmosSystemKernelBeforeRun'
Method 'SystemVoidCosmosSystemKernelAfterRun'
Method 'SystemVoidCosmosIL2CPUX86PlugsCustomImplementationsSystemExceptionImplCtorSystemStringSystemString'
Method 'SystemByteCosmosHALRTCget_Second'
Method 'SystemVoidCosmosIL2CPUILCustomImplementationsSystemObjectImplCtor'
Method 'SystemVoidCosmosSystemPlugsSystemConsoleImplcctor'
Method 'SystemVoidCosmosHALGlobalcctor'
Method 'SystemVoidSystemBooleancctor'
Method 'SystemVoidCosmosSystemConsoleUpdateCursor'
Method 'SystemUInt16CosmosHALTextScreenget_Rows'
Method 'SystemUInt16CosmosHALTextScreenget_Cols'
Method 'SystemStringSystemArgumentOutOfRangeExceptionget_RangeMessage'
Method 'SystemVoidSystemArgumentExceptionctorSystemStringSystemString'
Method 'SystemVoidSystemExceptionSetErrorCodeSystemInt32'
Method 'SystemVoidCosmosHALTextScreenClear'
Method 'CosmosCoreCPUCosmosCoreGlobalget_CPU'
Method 'SystemInt32SystemCollectionsGenericQueue1SystemUInt32get_Count'
Method 'SystemUInt32SystemCollectionsGenericQueue1SystemUInt32Dequeue'
Method 'SystemBooleanCosmosHALKeyboardGetCharValueSystemUInt32SystemChar'
Method 'SystemBooleanCosmosHALKeyboardGetKeyMappingSystemUInt32CosmosHALKeyboardKeyMapping'
Method 'SystemVoidSystemArgumentOutOfRangeExceptionctorSystemStringSystemString'
Method 'SystemVoidSystemThrowHelperThrowArgumentOutOfRangeExceptionSystemExceptionArgumentSystemExceptionResource'
Method 'SystemVoidSystemThrowHelperThrowArgumentOutOfRangeException'
Method 'SystemVoidSystemArrayCopySystemArraySystemInt32SystemArraySystemInt32SystemInt32'
Method 'SystemVoidSystemCollectionsGenericList1SystemCharEnsureCapacitySystemInt32'
Method 'SystemVoidCosmosIL2CPUX86PlugsCustomImplementationsMSSystemStringImplCtorSystemChararraySystemInt32SystemChar'
Method 'SystemStringSystemValueTypeToString'
Method 'SystemStringSystemStringToString'
Method 'SystemStringSystemGlobalizationCultureInfoToString'
Method 'SystemVoidCosmosHALTextScreenset_ItemSystemInt32SystemInt32SystemChar'
Method 'SystemStringCosmosIL2CPUILCustomImplementationsSystemDoubleImplToString'
Method 'SystemStringCosmosIL2CPUILCustomImplementationsSystemSingleImplToString'
Method 'SystemStringCosmosIL2CPUILCustomImplementationsSystemInt32ImplToString'
Method 'SystemStringCosmosIL2CPUILCustomImplementationsSystemInt64ImplToString'
Method 'SystemStringCosmosIL2CPUILCustomImplementationsSystemObjectImplToString'
Method 'SystemStringCosmosIL2CPUILCustomImplementationsSystemUInt32ImplToString'
Method 'SystemStringCosmosIL2CPUILCustomImplementationsSystemUInt64ImplToString'
Method 'SystemVoidSystemSystemExceptionctorSystemString'
Method 'SystemVoidCosmosHALTextScreenScrollUp'
Method 'SystemInt32CosmosIL2CPUX86PlugsCustomImplementationsMSSystemStringImplget_LengthSystemInt32'
Method 'SystemCharCosmosIL2CPUX86PlugsCustomImplementationsMSSystemStringImplget_CharsSystemInt32'
Method 'SystemDoubleCosmosSystemPlugsSystemMathImplatanxSystemDouble'
Method 'SystemVoidCosmosCoreHeapInitialize'
Method 'SystemVoidCosmosCoreHeapWriteNumberSystemUInt32SystemByte'
Method 'SystemVoidCosmosCoreHeapUpdateDebugDisplay'
Method 'SystemVoidCosmosCoreHeapClearMemorySystemUInt32SystemUInt32'
Method 'SystemInt32CosmosCorePlugsStringImplIndexOfSystemString'
Method 'SystemBooleanSystemStringEqualsSystemStringSystemString'
Method 'SystemInt32CosmosIL2CPUCustomImplementationSystemStringImplCompareToSystemString'
Method 'SystemInt32CosmosCorePlugsStringImplIndexOfSystemStringSystemInt32SystemInt32SystemStringComparison'
Method 'SystemInt32CosmosCorePlugsStringImplIndexOfSystemCharSystemInt32SystemInt32'
Method 'SystemStringCosmosCorePlugsStringImplSubstringSystemInt32SystemInt32'
Method 'SystemStringCosmosIL2CPUCustomImplementationSystemStringImplSubstringSystemInt32'
Method 'SystemStringCosmosCorePlugsStringImplConcatSystemStringSystemStringSystemString'
Method 'SystemStringCosmosIL2CPUILCustomImplementationsSystemCharImplToString'
Method 'SystemStringCosmosCorePlugsStringImplConcatSystemStringSystemString'
Method 'SystemStringCosmosIL2CPUCustomImplementationSystemStringImplConcatSystemObjectSystemObject'
Method 'SystemStringCosmosCorePlugsStringImplRemoveSystemInt32SystemInt32'
Method 'SystemStringCosmosCorePlugsStringImplInsertSystemInt32SystemString'
Method 'SystemInt32arrayCosmosIL2CPUCustomImplementationSystemStringImplBuildBadCharTableSystemChararray'
Method 'SystemInt32CosmosIL2CPUX86PlugsCustomImplementationsSystemArrayImplget_Length'
Method 'SystemUInt32CosmosCorePlugsGCImplementionImplAllocNewObjectSystemUInt32'
Method 'SystemBytearraySystemBitConverterGetBytesSystemInt64'
Method 'SystemVoidSystemThrowHelperThrowArgumentNullExceptionSystemExceptionArgument'
Method 'SystemVoidSystemThrowHelperThrowArgumentExceptionSystemExceptionResource'
Method 'SystemChararrayCosmosIL2CPUCustomImplementationSystemStringImplToCharArray'
Method 'SystemBytearraySystemBitConverterGetBytesSystemInt32'
Method 'SystemVoidCosmosIL2CPUX86PlugsCustomImplementationsSystemBufferBlockCopySystemArraySystemInt32SystemArraySystemInt32SystemInt32'
Method 'SystemVoidSystemExceptioncctor'
Method 'SystemStringSystemArgumentOutOfRangeExceptionget_Message'
Method 'SystemStringSystemArgumentExceptionget_Message'
Method 'SystemStringCosmosIL2CPUX86PlugsCustomImplementationsSystemExceptionImplget_MessageSystemString'
Method 'SystemVoidCosmosIL2CPURuntimeEngineInitializeEngine'
Method 'SystemVoidCosmosIL2CPURuntimeEngineHeap_Initialize'
Method 'SystemVoidCosmosIL2CPURuntimeEngineFinalizeEngine'
Method 'SystemVoidCosmosIL2CPURuntimeEngineExitProcessSystemInt32'
Method 'SystemVoidCosmosIL2CPUVTablesImplWriteNumberSystemUInt32SystemByte'
Method 'SystemVoidCosmosCorePlugsGCImplementionImplIncRefCountSystemUInt32'
Method 'SystemVoidCosmosCorePlugsGCImplementionImplDecRefCountSystemUInt32'
Method 'SystemVoidSystemOverflowExceptionctorSystemString'
Method 'SystemStringSystemThrowHelperGetResourceNameSystemExceptionResource'
Method 'SystemVoidSystemInvalidOperationExceptionctorSystemString'
Method 'SystemDelegatearraySystemDelegateGetInvocationList'
Method 'SystemInt32SystemIntPtrop_ExplicitSystemIntPtr'
Method 'SystemVoidCosmosSystemKernelctor'
Method 'SystemVoidCosmosSystemGlobalcctor'
Method 'SystemVoidCosmosCoreBootstrapInit'
Method 'SystemVoidCosmosHALGlobalInit'
Method 'SystemVoidCosmosCompilerTestsSimpleWriteLineKernelKernelBeforeRun'
Method 'SystemVoidCosmosCompilerTestsSimpleWriteLineKernelKernelRun'
Method 'SystemVoidCosmosHALRTCWaitForReady'
Method 'SystemVoidCosmosCoreIOPortset_ByteSystemByte'
Method 'SystemByteCosmosCoreIOPortget_Byte'
Method 'SystemByteCosmosHALRTCFromBCDSystemByte'
Method 'SystemVoidCosmosIL2CPUX86PlugsNEW_PLUGSDoubleImplCctor'
Method 'SystemVoidCosmosSystemConsolector'
Method 'SystemVoidCosmosDebugKernelDebuggerctorSystemStringSystemString'
Method 'SystemVoidCosmosHALTextScreenctor'
Method 'SystemVoidCosmosHALTextScreenSetCursorPosSystemInt32SystemInt32'
Method 'SystemVoidSystemExceptionset_HResultSystemInt32'
Method 'SystemVoidCosmosCoreMemoryBlockFillSystemUInt32'
Method 'SystemVoidCosmosIL2CPUILCustomImplementationsSystemCharImplCctor'
Method 'SystemVoidCosmosCorePlugsCPUImplHalt'
Method 'CosmosHALKeyboardKeyMappingSystemCollectionsGenericList1CosmosHALKeyboardKeyMappingget_ItemSystemInt32'
Method 'SystemInt32SystemCollectionsGenericList1CosmosHALKeyboardKeyMappingget_Count'
Method 'SystemStringCosmosIL2CPUILCustomImplementationsSystemEnvironmentImplGetResourceStringSystemString'
Method 'SystemVoidSystemCollectionsGenericList1SystemCharcctor'
Method 'SystemStringSystemThrowHelperGetArgumentNameSystemExceptionArgument'
Method 'SystemVoidSystemCollectionsGenericList1SystemCharset_CapacitySystemInt32'
Method 'SystemStringCosmosIL2CPUILCustomImplementationsSystemEnumImplToString'
Method 'SystemStringCosmosSystemPlugsSystemTypeImplToString'
Method 'SystemStringCosmosIL2CPUILCustomImplementationsSystemUInt16ImplToString'
Method 'SystemStringCosmosIL2CPUILCustomImplementationsSystemByteImplToString'
Method 'SystemStringCosmosIL2CPUILCustomImplementationsSystemIntPtrImplToString'
Method 'SystemStringCosmosIL2CPUILCustomImplementationsSystemInt16ImplToString'
Method 'SystemStringCosmosIL2CPUILCustomImplementationsSystemNetIPAddressImplToString'
Method 'SystemStringCosmosIL2CPUILCustomImplementationsSystemNetSocketAddressImplToString'
Method 'SystemStringCosmosIL2CPUX86PlugsCustomImplementationsSystemExceptionImplToString'
Method 'SystemVoidCosmosCoreMemoryBlock08set_ItemSystemUInt32SystemByte'
Method 'SystemVoidCosmosCoreMemoryBlockMoveDownSystemUInt32SystemUInt32SystemUInt32'
Method 'SystemVoidCosmosCoreMemoryBlockFillSystemUInt32SystemUInt32SystemUInt32'
Method 'SystemVoidSystemMathcctor'
Method 'SystemVoidCosmosSystemPlugsSystemTypeImplCCtor'
Method 'SystemVoidCosmosCoreHeapcctor'
Method 'SystemVoidCosmosCoreHeapDoInitializeSystemUInt32SystemUInt32'
Method 'SystemVoidCosmosIL2CPUCustomImplementationSystemGlobalizationCultureInfoImplCCtor'
Method 'SystemVoidSystemConsolecctor'
Method 'SystemVoidCosmosIL2CPUX86PlugsCustomImplementationsMSSystemStringImplCtorSystemChararraySystemInt32SystemInt32SystemInt32SystemChar'
Method 'SystemVoidSystemBitConvertercctor'
Method 'SystemVoidSystemArgumentExceptionctorSystemString'
Method 'SystemVoidCosmosIL2CPUILCustomImplementationsSystemEnumImplCctor'
Method 'SystemVoidCosmosIL2CPUILCustomImplementationsSystemNetIPAddressImplCCtor'
Method 'SystemStringSystemEnvironmentGetRuntimeResourceStringSystemStringSystemObjectarray'
Method 'SystemStringSystemEnvironmentget_NewLine'
Method 'SystemBooleanSystemStringIsNullOrEmptySystemString'
Method 'SystemVoidCosmosIL2CPURuntimeEnginecctor'
Method 'SystemVoidSystemArithmeticExceptionctorSystemString'
Method 'SystemVoidCosmosDebugKernelPlugsDebuggerSendSystemInt32SystemChar'
Method 'SystemVoidCosmosCoreINTsDummy'
Method 'SystemVoidCosmosCorePICctor'
Method 'SystemVoidCosmosCoreGlobalInit'
Method 'SystemVoidCosmosHALGlobalInitStaticDevices'
Method 'SystemVoidCosmosHALGlobalInitPciDevices'
Method 'SystemVoidCosmosHALRTCcctor'
Method 'SystemVoidCosmosCoreIOGroupTextScreenctor'
Method 'SystemVoidCosmosHALDevicector'
Method 'SystemVoidCosmosCoreGlobalcctor'
Method 'SystemVoidCosmosCoreBootstrapcctor'
Method 'SystemVoidSystemCollectionsGenericQueue1SystemUInt32cctor'
Method 'SystemVoidCosmosIL2CPUX86PlugsCustomImplementationsSystemArrayImplCopySystemArraySystemInt32SystemArraySystemInt32SystemInt32SystemBoolean'
Method 'SystemTypeCosmosIL2CPUILCustomImplementationsSystemObjectImplGetType'
Method 'SystemVoidCosmosIL2CPUX86PlugsCustomImplementationsSystemRuntimeCompilerServicesRuntimeHelpersImplInitializeArraySystemArraySystemRuntimeFieldHandle'
Method 'SystemUInt32CosmosCorePlugsCPUImplGetEndOfKernel'
Method 'SystemUInt32CosmosCorePlugsCPUImplGetAmountOfRAM'
Method 'SystemVoidCosmosIL2CPUX86PlugsLinqTestCustomImplementationsSystemDiagnosticsDebuggerImplBreak'
Method 'SystemVoidCosmosCorePlugsCPUImplZeroFillSystemUInt32SystemUInt32'
Method 'SystemVoidSystemTextUnicodeEncodingctorSystemBooleanSystemBoolean'
Method 'SystemVoidCosmosCoreINTsHandleInterrupt_DefaultCosmosCoreINTsIRQContext'
Method 'SystemVoidCosmosCoreINTsHandleInterrupt_00CosmosCoreINTsIRQContext'
Method 'SystemVoidCosmosCoreINTsHandleInterrupt_01CosmosCoreINTsIRQContext'
Method 'SystemVoidCosmosCoreINTsHandleInterrupt_02CosmosCoreINTsIRQContext'
Method 'SystemVoidCosmosCoreINTsHandleInterrupt_03CosmosCoreINTsIRQContext'
Method 'SystemVoidCosmosCoreINTsHandleInterrupt_04CosmosCoreINTsIRQContext'
Method 'SystemVoidCosmosCoreINTsHandleInterrupt_05CosmosCoreINTsIRQContext'
Method 'SystemVoidCosmosCoreINTsHandleInterrupt_06CosmosCoreINTsIRQContext'
Method 'SystemVoidCosmosCoreINTsHandleInterrupt_07CosmosCoreINTsIRQContext'
Method 'SystemVoidCosmosCoreINTsHandleInterrupt_08CosmosCoreINTsIRQContext'
Method 'SystemVoidCosmosCoreINTsHandleInterrupt_09CosmosCoreINTsIRQContext'
Method 'SystemVoidCosmosCoreINTsHandleInterrupt_0ACosmosCoreINTsIRQContext'
Method 'SystemVoidCosmosCoreINTsHandleInterrupt_0BCosmosCoreINTsIRQContext'
Method 'SystemVoidCosmosCoreINTsHandleInterrupt_0CCosmosCoreINTsIRQContext'
Method 'SystemVoidCosmosCoreINTsHandleInterrupt_0DCosmosCoreINTsIRQContext'
Method 'SystemVoidCosmosCoreINTsHandleInterrupt_0ECosmosCoreINTsIRQContext'
Method 'SystemVoidCosmosCoreINTsHandleInterrupt_0FCosmosCoreINTsIRQContext'
Method 'SystemVoidCosmosCoreINTsHandleInterrupt_10CosmosCoreINTsIRQContext'
Method 'SystemVoidCosmosCoreINTsHandleInterrupt_11CosmosCoreINTsIRQContext'
Method 'SystemVoidCosmosCoreINTsHandleInterrupt_12CosmosCoreINTsIRQContext'
Method 'SystemVoidCosmosCoreINTsHandleInterrupt_13CosmosCoreINTsIRQContext'
Method 'SystemVoidCosmosCoreINTsHandleInterrupt_20CosmosCoreINTsIRQContext'
Method 'SystemVoidCosmosCoreINTsHandleInterrupt_21CosmosCoreINTsIRQContext'
Method 'SystemVoidCosmosCoreINTsHandleInterrupt_22CosmosCoreINTsIRQContext'
Method 'SystemVoidCosmosCoreINTsHandleInterrupt_23CosmosCoreINTsIRQContext'
Method 'SystemVoidCosmosCoreINTsHandleInterrupt_24CosmosCoreINTsIRQContext'
Method 'SystemVoidCosmosCoreINTsHandleInterrupt_25CosmosCoreINTsIRQContext'
Method 'SystemVoidCosmosCoreINTsHandleInterrupt_26CosmosCoreINTsIRQContext'
Method 'SystemVoidCosmosCoreINTsHandleInterrupt_27CosmosCoreINTsIRQContext'
Method 'SystemVoidCosmosCoreINTsHandleInterrupt_28CosmosCoreINTsIRQContext'
Method 'SystemVoidCosmosCoreINTsHandleInterrupt_29CosmosCoreINTsIRQContext'
Method 'SystemVoidCosmosCoreINTsHandleInterrupt_2ACosmosCoreINTsIRQContext'
Method 'SystemVoidCosmosCoreINTsHandleInterrupt_2BCosmosCoreINTsIRQContext'
Method 'SystemVoidCosmosCoreINTsHandleInterrupt_2CCosmosCoreINTsIRQContext'
Method 'SystemVoidCosmosCoreINTsHandleInterrupt_2DCosmosCoreINTsIRQContext'
Method 'SystemVoidCosmosCoreINTsHandleInterrupt_2ECosmosCoreINTsIRQContext'
Method 'SystemVoidCosmosCoreINTsHandleInterrupt_2FCosmosCoreINTsIRQContext'
Method 'SystemVoidCosmosCoreINTsHandleInterrupt_30CosmosCoreINTsIRQContext'
Method 'SystemVoidCosmosCoreINTsHandleInterrupt_35CosmosCoreINTsIRQContext'
Method 'SystemVoidCosmosCoreINTsHandleInterrupt_40CosmosCoreINTsIRQContext'
Method 'SystemVoidCosmosCoreINTsHandleInterrupt_41CosmosCoreINTsIRQContext'
Method 'SystemVoidCosmosCoreINTsHandleInterrupt_42CosmosCoreINTsIRQContext'
Method 'SystemVoidCosmosCoreINTsHandleInterrupt_43CosmosCoreINTsIRQContext'
Method 'SystemVoidCosmosCoreINTsHandleInterrupt_44CosmosCoreINTsIRQContext'
Method 'SystemVoidCosmosCoreINTsHandleInterrupt_45CosmosCoreINTsIRQContext'
Method 'SystemVoidCosmosCoreINTsHandleInterrupt_46CosmosCoreINTsIRQContext'
Method 'SystemVoidCosmosCoreINTsHandleInterrupt_47CosmosCoreINTsIRQContext'
Method 'SystemVoidCosmosCoreINTsHandleInterrupt_48CosmosCoreINTsIRQContext'
Method 'SystemVoidCosmosCoreINTsHandleInterrupt_49CosmosCoreINTsIRQContext'
Method 'SystemVoidCosmosCoreIOGroupPICctorSystemBoolean'
Method 'SystemVoidCosmosCorePICRemapSystemByteSystemByteSystemByteSystemByte'
Method 'SystemVoidCosmosCorePlugsCPUImplUpdateIDTSystemBoolean'
Method 'SystemVoidCosmosCorePlugsCPUImplInitFloat'
Method 'SystemVoidCosmosHALKeyboardctor'
Method 'SystemVoidCosmosHALGlobalInitAtaCosmosHALBlockDeviceAtaControllerIdEnumCosmosHALBlockDeviceAtaBusPositionEnum'
Method 'SystemVoidCosmosHALPCISetup'
Method 'SystemStringCosmosSystemPlugsSystemConsoleImplReadLine'
Method 'SystemVoidCosmosCoreIOGroupRTCctor'
Method 'SystemVoidCosmosCorePlugsIOPortImplWrite8SystemUInt16SystemByte'
Method 'SystemByteCosmosCorePlugsIOPortImplRead8SystemUInt16'
Method 'SystemVoidCosmosCoreMemoryBlockctorSystemUInt32SystemUInt32'
Method 'SystemVoidCosmosCoreIOPortctorSystemUInt16'
Method 'SystemVoidCosmosCoreIOGroupIOGroupctor'
Method 'SystemVoidCosmosCoreBaseIOGroupsctor'
Method 'SystemVoidCosmosCoreCPUctor'
Method 'SystemVoidSystemCollectionsGenericList1CosmosHALKeyboardKeyMappingcctor'
Method 'SystemVoidSystemDiagnosticsDebuggercctor'
Method 'SystemVoidSystemTextUnicodeEncodingctorSystemBooleanSystemBooleanSystemBoolean'
Method 'SystemGlobalizationCultureInfoCosmosIL2CPUCustomImplementationSystemGlobalizationCultureInfoImplget_CurrentCulture'
Method 'SystemStringCosmosIL2CPUCustomImplementationSystemStringImplFormatSystemIFormatProviderSystemStringSystemObjectarray'
Method 'SystemVoidCosmosCoreINTscctor'
Method 'CosmosCorePICCosmosCoreGlobalget_PIC'
Method 'SystemVoidCosmosCorePICEoiSlave'
Method 'SystemVoidCosmosCorePICEoiMaster'
Method 'SystemVoidCosmosCoreINTsHandleExceptionSystemUInt32SystemStringSystemStringCosmosCoreINTsIRQContextSystemUInt32'
Method 'SystemVoidCosmosIL2CPUX86PlugsNEW_PLUGSDelegateImplInvoke'
Method 'SystemVoidCosmosCoreINTsIRQSystemUInt32CosmosCoreINTsIRQContext'
Method 'SystemVoidCosmosDebugKernelDebuggerSendMessageSystemStringSystemString'
Method 'SystemVoidCosmosCoreIOPortWait'
Method 'SystemVoidSystemCollectionsGenericQueue1SystemUInt32ctorSystemInt32'
Method 'SystemVoidCosmosHALKeyboardHandleScancodeSystemByteSystemBoolean'
Method 'SystemVoidCosmosIL2CPUX86PlugsNEW_PLUGSDelegateImplCtorSystemObjectSystemIntPtr'
Method 'SystemVoidCosmosHALKeyboardInitializeCosmosHALHandleKeyboardDelegate'
Method 'SystemVoidCosmosHALKeyboardHandleIRQCosmosCoreINTsIRQContext'
Method 'SystemVoidCosmosIL2CPUX86PlugsNEW_PLUGSDelegateImplCtorSystemObjectSystemIntPtr'
Method 'SystemVoidCosmosCoreINTsSetIrqHandlerSystemByteCosmosCoreINTsIRQDelegate'
Method 'SystemVoidCosmosHALKeyboardCreateDefaultKeymap'
Method 'SystemVoidCosmosHALBlockDeviceAtaPioctorCosmosCoreIOGroupATACosmosHALBlockDeviceAtaControllerIdEnumCosmosHALBlockDeviceAtaBusPositionEnum'
Method 'CosmosHALBlockDeviceAtaPioSpecLevelCosmosHALBlockDeviceAtaPioget_DriveType'
Method 'SystemVoidSystemCollectionsGenericList1CosmosHALBlockDeviceBlockDeviceAddCosmosHALBlockDeviceBlockDevice'
Method 'SystemVoidCosmosHALBlockDeviceMBRctorSystemBytearray'
Method 'SystemVoidCosmosHALBlockDeviceEBRctorSystemBytearray'
Method 'SystemInt32SystemCollectionsGenericList1CosmosHALBlockDeviceEBRPartInfoget_Count'
Method 'SystemInt32SystemCollectionsGenericList1CosmosHALBlockDeviceMBRPartInfoget_Count'
Method 'CosmosHALBlockDeviceMBRPartInfoSystemCollectionsGenericList1CosmosHALBlockDeviceMBRPartInfoget_ItemSystemInt32'
Method 'SystemVoidCosmosHALBlockDevicePartitionctorCosmosHALBlockDeviceBlockDeviceSystemUInt64SystemUInt64'
Method 'SystemVoidCosmosHALPCIEnumerateDevices'
Method 'SystemVoidCosmosCoreMemoryBlock08ctorSystemUInt32SystemUInt32'
Method 'SystemVoidCosmosCoreMemoryBlock16ctorSystemUInt32SystemUInt32'
Method 'SystemVoidCosmosCoreMemoryBlock32ctorSystemUInt32SystemUInt32'
Method 'SystemVoidCosmosCoreIOPortBasectorSystemUInt16'
Method 'SystemVoidCosmosCoreIOGroupKeyboardctor'
Method 'SystemVoidCosmosCoreIOGroupPITctor'
Method 'SystemVoidCosmosCoreIOGroupATActorSystemBoolean'
Method 'SystemVoidSystemTextEncodingctorSystemInt32'
Method 'SystemVoidSystemTextEncodingSetDefaultFallbacks'
Method 'SystemVoidCosmosCoreINTsPutErrorCharSystemInt32SystemInt32SystemChar'
Method 'SystemVoidCosmosCoreINTsPutErrorStringSystemInt32SystemInt32SystemString'
Method 'SystemVoidCosmosCoreHMIGCMonitor'
Method 'SystemVoidCosmosCoreHMIGCFreeAll'
Method 'SystemVoidCosmosCoreBaseIOGroupscctor'
Method 'SystemVoidCosmosCoreCPUReboot'
Method 'SystemVoidSystemCollectionsGenericQueue1SystemUInt32EnqueueSystemUInt32'
Method 'SystemVoidCosmosIL2CPUX86PlugsNEW_PLUGSDelegateImplInvoke'
Method 'SystemVoidCosmosCoreINTsSetIntHandlerSystemByteCosmosCoreINTsIRQDelegate'
Method 'SystemVoidSystemCollectionsGenericList1CosmosHALKeyboardKeyMappingctorSystemInt32'
Method 'SystemVoidCosmosHALKeyboardAddKeySystemUInt32SystemCharSystemConsoleKey'
Method 'SystemVoidCosmosHALKeyboardAddKeyWithShiftSystemUInt32SystemCharSystemConsoleKey'
Method 'SystemVoidCosmosHALKeyboardAddKeyWithShiftSystemUInt32SystemConsoleKey'
Method 'SystemVoidCosmosHALBlockDeviceAtactor'
Method 'SystemVoidCosmosCoreIOPortWriteset_ByteSystemByte'
Method 'CosmosHALBlockDeviceAtaPioSpecLevelCosmosHALBlockDeviceAtaPioDiscoverDrive'
Method 'SystemVoidCosmosHALBlockDeviceAtaPioInitDrive'
Method 'SystemVoidCosmosHALBlockDeviceBlockDevicecctor'
Method 'SystemVoidSystemCollectionsGenericList1CosmosHALBlockDeviceBlockDeviceEnsureCapacitySystemInt32'
Method 'SystemVoidCosmosHALBlockDeviceAtaPioReadBlockSystemUInt64SystemUInt64SystemBytearray'
Method 'SystemVoidSystemCollectionsGenericList1CosmosHALBlockDeviceMBRPartInfoctor'
Method 'SystemVoidCosmosHALBlockDeviceMBRParsePartitionSystemBytearraySystemUInt32'
Method 'SystemVoidSystemCollectionsGenericList1CosmosHALBlockDeviceEBRPartInfoctor'
Method 'SystemVoidCosmosHALBlockDeviceEBRParsePartitionSystemBytearraySystemUInt32'
Method 'SystemVoidCosmosHALBlockDeviceBlockDevicector'
Method 'SystemUInt64CosmosHALBlockDeviceBlockDeviceget_BlockSize'
Method 'SystemVoidSystemCollectionsGenericList1CosmosHALPCIDevicector'
Method 'SystemVoidCosmosHALPCIEnumerateBusSystemUInt32SystemUInt32'
Method 'SystemVoidCosmosCoreIOPortWritectorSystemUInt16'
Method 'SystemUInt16CosmosCoreIOGroupATAGetBAR0SystemBoolean'
Method 'SystemUInt16CosmosCoreIOGroupATAGetBAR1SystemBoolean'
Method 'SystemVoidCosmosCoreIOPortWritectorSystemUInt16SystemUInt16'
Method 'SystemVoidCosmosCoreIOPortctorSystemUInt16SystemUInt16'
Method 'SystemVoidCosmosCoreIOPortReadctorSystemUInt16SystemUInt16'
Method 'SystemVoidSystemTextUnicodeEncodingSetDefaultFallbacks'
Method 'SystemVoidSystemTextInternalEncoderBestFitFallbackctorSystemTextEncoding'
Method 'SystemVoidSystemTextInternalDecoderBestFitFallbackctorSystemTextEncoding'
Method 'SystemVoidCosmosCoreIOGroupMousector'
Method 'SystemVoidCosmosCoreIOGroupPCSpeakerctor'
Method 'SystemVoidSystemCollectionsGenericQueue1SystemUInt32SetCapacitySystemInt32'
Method 'SystemVoidCosmosHALKeyboardKeyMappingctorSystemUInt32SystemCharSystemConsoleKey'
Method 'SystemVoidSystemCollectionsGenericList1CosmosHALKeyboardKeyMappingAddCosmosHALKeyboardKeyMapping'
Method 'SystemVoidCosmosHALBlockDeviceAtaPioSelectDriveSystemByte'
Method 'CosmosHALBlockDeviceAtaPioStatusCosmosHALBlockDeviceAtaPioSendCmdCosmosHALBlockDeviceAtaPioCmdSystemBoolean'
Method 'CosmosHALBlockDeviceAtaPioStatusCosmosHALBlockDeviceAtaPioSendCmdCosmosHALBlockDeviceAtaPioCmd'
Method 'SystemVoidCosmosCoreIOPortBaseRead16SystemUInt16array'
Method 'SystemStringCosmosHALBlockDeviceAtaPioGetStringSystemUInt16arraySystemInt32SystemInt32'
Method 'SystemVoidSystemCollectionsGenericList1CosmosHALBlockDeviceBlockDevicector'
Method 'SystemVoidSystemCollectionsGenericList1CosmosHALBlockDeviceBlockDevicecctor'
Method 'SystemVoidSystemCollectionsGenericList1CosmosHALBlockDeviceBlockDeviceset_CapacitySystemInt32'
Method 'SystemVoidCosmosHALBlockDeviceBlockDeviceCheckDataSizeSystemBytearraySystemUInt64'
Method 'SystemVoidCosmosHALBlockDeviceAtaPioSelectSectorSystemUInt64SystemUInt64'
Method 'SystemVoidCosmosCoreIOPortBaseRead8SystemBytearray'
Method 'SystemUInt32CosmosCommonExtensionsByteConverterToUInt32SystemBytearraySystemUInt64'
Method 'SystemVoidCosmosHALBlockDeviceMBRPartInfoctorSystemByteSystemUInt32SystemUInt32'
Method 'SystemVoidSystemCollectionsGenericList1CosmosHALBlockDeviceMBRPartInfoAddCosmosHALBlockDeviceMBRPartInfo'
Method 'SystemVoidCosmosHALBlockDeviceEBRPartInfoctorSystemByteSystemUInt32SystemUInt32'
Method 'SystemVoidSystemCollectionsGenericList1CosmosHALBlockDeviceEBRPartInfoAddCosmosHALBlockDeviceEBRPartInfo'
Method 'SystemVoidSystemCollectionsGenericList1CosmosHALBlockDeviceEBRPartInfocctor'
Method 'SystemVoidSystemCollectionsGenericList1CosmosHALBlockDeviceMBRPartInfocctor'
Method 'SystemVoidCosmosHALBlockDevicePartitionReadBlockSystemUInt64SystemUInt64SystemBytearray'
Method 'SystemVoidCosmosHALPCIDevicectorSystemUInt32SystemUInt32SystemUInt32'
Method 'SystemBooleanCosmosHALPCIDeviceget_DeviceExists'
Method 'CosmosHALPCIDevicePCIHeaderTypeCosmosHALPCIDeviceget_HeaderType'
Method 'SystemVoidCosmosHALPCIDeviceBridgectorSystemUInt32SystemUInt32SystemUInt32'
Method 'SystemVoidCosmosHALPCIAddDeviceCosmosHALPCIDeviceSystemUInt32'
Method 'SystemVoidCosmosHALPCIDeviceCardbusctorSystemUInt32SystemUInt32SystemUInt32'
Method 'SystemVoidCosmosHALPCIDeviceNormalctorSystemUInt32SystemUInt32SystemUInt32'
Method 'SystemVoidCosmosCoreIOPortBasectorSystemUInt16SystemUInt16'
Method 'SystemTextEncoderFallbackSystemTextEncoderFallbackget_ExceptionFallback'
Method 'SystemTextDecoderFallbackSystemTextDecoderFallbackget_ExceptionFallback'
Method 'SystemVoidSystemTextEncoderReplacementFallbackctorSystemString'
Method 'SystemVoidSystemTextDecoderReplacementFallbackctorSystemString'
Method 'SystemVoidSystemTextEncoderFallbackctor'
Method 'SystemVoidSystemTextDecoderFallbackctor'
Method 'SystemVoidSystemCollectionsGenericList1CosmosHALKeyboardKeyMappingEnsureCapacitySystemInt32'
Method 'SystemVoidCosmosHALBlockDeviceAtaPioWait'
Method 'SystemByteCosmosCoreIOPortReadget_Byte'
Method 'SystemVoidCosmosHALBlockDeviceBlockDeviceCheckBlockNoSystemUInt64SystemUInt64'
Method 'SystemVoidCosmosCoreIOPortWriteset_WordSystemUInt16'
Method 'SystemVoidSystemCollectionsGenericList1CosmosHALBlockDeviceMBRPartInfoEnsureCapacitySystemInt32'
Method 'SystemVoidSystemCollectionsGenericList1CosmosHALBlockDeviceEBRPartInfoEnsureCapacitySystemInt32'
Method 'SystemVoidSystemCollectionsGenericList1CosmosHALPCIDevicecctor'
Method 'SystemVoidCosmosCoreIOGroupPCIctor'
Method 'SystemUInt16CosmosHALPCIDeviceReadRegister16SystemByte'
Method 'SystemVoidCosmosHALPCIDeviceset_VendorIDSystemUInt16'
Method 'SystemVoidCosmosHALPCIDeviceset_DeviceIDSystemUInt16'
Method 'SystemByteCosmosHALPCIDeviceReadRegister8SystemByte'
Method 'SystemVoidCosmosHALPCIDeviceset_RevisionIDSystemByte'
Method 'SystemVoidCosmosHALPCIDeviceset_ProgIFSystemByte'
Method 'SystemVoidCosmosHALPCIDeviceset_SubclassSystemByte'
Method 'SystemVoidCosmosHALPCIDeviceset_ClassCodeSystemByte'
Method 'SystemVoidCosmosHALPCIDeviceset_CacheLineSizeSystemByte'
Method 'SystemVoidCosmosHALPCIDeviceset_LatencyTimerSystemByte'
Method 'SystemVoidCosmosHALPCIDeviceset_HeaderTypeCosmosHALPCIDevicePCIHeaderType'
Method 'SystemVoidCosmosHALPCIDeviceset_BISTCosmosHALPCIDevicePCIBist'
Method 'SystemVoidCosmosHALPCIDeviceset_InterruptLineSystemByte'
Method 'SystemVoidCosmosHALPCIDeviceset_InterruptPINCosmosHALPCIDevicePCIInterruptPIN'
Method 'SystemUInt16CosmosHALPCIDeviceget_VendorID'
Method 'SystemUInt16CosmosHALPCIDeviceget_DeviceID'
Method 'SystemVoidCosmosHALPCIDeviceset_DeviceExistsSystemBoolean'
Method 'SystemVoidCosmosHALPCIDeviceBridgeset_BaseAddressesCosmosHALPCIBaseAddressBararray'
Method 'CosmosHALPCIBaseAddressBararrayCosmosHALPCIDeviceBridgeget_BaseAddresses'
Method 'SystemUInt32CosmosHALPCIDeviceReadRegister32SystemByte'
Method 'SystemVoidCosmosHALPCIBaseAddressBarctorSystemUInt32'
Method 'SystemVoidCosmosHALPCIDeviceBridgeset_PrimaryBusNumberSystemByte'
Method 'SystemVoidCosmosHALPCIDeviceBridgeset_SecondaryBusNumberSystemByte'
Method 'SystemVoidCosmosHALPCIDeviceBridgeset_SubordinateBusNumberSystemByte'
Method 'SystemVoidCosmosHALPCIDeviceBridgeset_SecondaryLatencyTimerSystemByte'
Method 'SystemVoidCosmosHALPCIDeviceBridgeset_IOBaseSystemByte'
Method 'SystemVoidCosmosHALPCIDeviceBridgeset_IOLimitSystemByte'
Method 'SystemVoidCosmosHALPCIDeviceBridgeset_SecondaryStatusSystemUInt16'
Method 'SystemVoidCosmosHALPCIDeviceBridgeset_MemoryBaseSystemUInt16'
Method 'SystemVoidCosmosHALPCIDeviceBridgeset_MemoryLimitSystemUInt16'
Method 'SystemVoidCosmosHALPCIDeviceBridgeset_PrefatchableMemoryBaseSystemUInt16'
Method 'SystemVoidCosmosHALPCIDeviceBridgeset_PrefatchableMemoryLimitSystemUInt16'
Method 'SystemVoidCosmosHALPCIDeviceBridgeset_PrefatchableBaseUpper32SystemUInt32'
Method 'SystemVoidCosmosHALPCIDeviceBridgeset_PrefatchableLimitUpper32SystemUInt32'
Method 'SystemVoidCosmosHALPCIDeviceBridgeset_IOBaseUpper16SystemUInt16'
Method 'SystemVoidCosmosHALPCIDeviceBridgeset_IOLimitUpper16SystemUInt16'
Method 'SystemVoidCosmosHALPCIDeviceBridgeset_CapabilityPointerSystemByte'
Method 'SystemVoidCosmosHALPCIDeviceBridgeset_ExpansionROMBaseAddressSystemUInt32'
Method 'SystemVoidCosmosHALPCIDeviceBridgeset_BridgeControlSystemUInt16'
Method 'SystemStringCosmosHALPCIDeviceDeviceClassGetStringCosmosHALPCIDevice'
Method 'SystemVoidSystemCollectionsGenericList1CosmosHALPCIDeviceAddCosmosHALPCIDevice'
Method 'SystemByteCosmosHALPCIDeviceBridgeget_SecondaryBusNumber'
Method 'SystemVoidCosmosHALPCIDeviceCardbusset_CardbusBaseAddressSystemUInt32'
Method 'SystemVoidCosmosHALPCIDeviceCardbusset_OffsetOfCapabilityListSystemByte'
Method 'SystemVoidCosmosHALPCIDeviceCardbusset_SecondaryStatusSystemUInt16'
Method 'SystemVoidCosmosHALPCIDeviceCardbusset_PCIBusNumberSystemByte'
Method 'SystemVoidCosmosHALPCIDeviceCardbusset_CardbusBusNumberSystemByte'
Method 'SystemVoidCosmosHALPCIDeviceCardbusset_SubordinateBusNumberSystemByte'
Method 'SystemVoidCosmosHALPCIDeviceCardbusset_CardbusLatencyTimerSystemByte'
Method 'SystemVoidCosmosHALPCIDeviceCardbusset_MemoryBaseAddress0SystemUInt32'
Method 'SystemVoidCosmosHALPCIDeviceCardbusset_MemoryLimit0SystemUInt32'
Method 'SystemVoidCosmosHALPCIDeviceCardbusset_MemoryBaseAddress1SystemUInt32'
Method 'SystemVoidCosmosHALPCIDeviceCardbusset_MemoryLimit1SystemUInt32'
Method 'SystemVoidCosmosHALPCIDeviceCardbusset_IOBaseAddress0SystemUInt32'
Method 'SystemVoidCosmosHALPCIDeviceCardbusset_IOLimit0SystemUInt32'
Method 'SystemVoidCosmosHALPCIDeviceCardbusset_IOBaseAddress1SystemUInt32'
Method 'SystemVoidCosmosHALPCIDeviceCardbusset_IOLimit1SystemUInt32'
Method 'SystemVoidCosmosHALPCIDeviceCardbusset_BridgeControlSystemUInt16'
Method 'SystemVoidCosmosHALPCIDeviceCardbusset_SubsystemDeviceIDSystemUInt16'
Method 'SystemVoidCosmosHALPCIDeviceCardbusset_SubsystemVendorIDSystemUInt16'
Method 'SystemVoidCosmosHALPCIDeviceCardbusset_PCCardBaseAddressSystemUInt32'
Method 'SystemVoidCosmosHALPCIDeviceNormalset_BaseAddressesCosmosHALPCIBaseAddressBararray'
Method 'CosmosHALPCIBaseAddressBararrayCosmosHALPCIDeviceNormalget_BaseAddresses'
Method 'SystemVoidCosmosHALPCIDeviceNormalset_CardbusCISPointerSystemUInt32'
Method 'SystemVoidCosmosHALPCIDeviceNormalset_SubsystemVendorIDSystemUInt16'
Method 'SystemVoidCosmosHALPCIDeviceNormalset_SubsystemIDSystemUInt16'
Method 'SystemVoidCosmosHALPCIDeviceNormalset_ExpansionROMBaseAddressSystemUInt32'
Method 'SystemVoidCosmosHALPCIDeviceNormalset_CapabilitiesPointerSystemByte'
Method 'SystemVoidCosmosHALPCIDeviceNormalset_MinGrantSystemByte'
Method 'SystemVoidCosmosHALPCIDeviceNormalset_MaxLatencySystemByte'
Method 'SystemVoidSystemThreadingMonitorEnterSystemObjectSystemBoolean'
Method 'SystemVoidSystemTextEncoderExceptionFallbackctor'
Method 'SystemVoidSystemTextDecoderExceptionFallbackctor'
Method 'SystemBooleanSystemCharIsSurrogateSystemStringSystemInt32'
Method 'SystemBooleanSystemCharIsHighSurrogateSystemStringSystemInt32'
Method 'SystemVoidSystemCollectionsGenericList1CosmosHALKeyboardKeyMappingset_CapacitySystemInt32'
Method 'SystemUInt16CosmosCorePlugsIOPortImplRead16SystemUInt16'
Method 'SystemVoidSystemCollectionsGenericList1CosmosHALBlockDeviceMBRPartInfoset_CapacitySystemInt32'
Method 'SystemVoidSystemCollectionsGenericList1CosmosHALBlockDeviceEBRPartInfoset_CapacitySystemInt32'
Method 'SystemUInt32CosmosHALPCIDeviceGetAddressBaseSystemUInt32SystemUInt32SystemUInt32'
Method 'SystemVoidCosmosCoreIOPortset_DWordSystemUInt32'
Method 'SystemUInt32CosmosCoreIOPortget_DWord'
Method 'SystemStringCosmosHALPCIDeviceToHexSystemUInt32SystemByte'
Method 'SystemByteCosmosHALPCIDeviceget_ClassCode'
Method 'SystemByteCosmosHALPCIDeviceget_Subclass'
Method 'SystemByteCosmosHALPCIDeviceget_ProgIF'
Method 'SystemStringCosmosIL2CPUCustomImplementationSystemStringImplConcatSystemObjectarray'
Method 'SystemVoidSystemCollectionsGenericList1CosmosHALPCIDeviceEnsureCapacitySystemInt32'
Method 'SystemObjectCosmosSystemPlugsSystemTextEncoderFallbackImplget_InternalSyncObject'
Method 'SystemVoidSystemThreadingMonitorThrowLockTakenException'
Method 'SystemVoidCosmosSystemPlugsSystemThreadingMonitorImplExitSystemObject'
Method 'SystemObjectCosmosSystemPlugsSystemTextDecoderFallbackImplget_InternalSyncObject'
Method 'SystemBooleanSystemCharIsSurrogateSystemChar'
Method 'SystemBooleanSystemCharIsHighSurrogateSystemChar'
Method 'SystemStringCosmosIL2CPUILCustomImplementationsSystemEnvironmentImplGetResourceStringSystemStringSystemObjectarray'
Method 'SystemVoidCosmosCorePlugsIOPortImplWrite16SystemUInt16SystemUInt16'
Method 'SystemVoidSystemCollectionsGenericList1CosmosHALPCIDeviceset_CapacitySystemInt32'
Method 'SystemVoidCosmosSystemPlugsSystemThreadingMonitorImplReliableEnterSystemObjectSystemBoolean'
Method 'SystemVoidCosmosCorePlugsIOPortImplWrite32SystemUInt16SystemUInt32'
Method 'SystemUInt32CosmosCorePlugsIOPortImplRead32SystemUInt16'
